// Jest Snapshot v1, https://goo.gl/fbAQLP

exports[`TreeItem renders a default state 1`] = `
<div>
  <div
    aria-level="0"
    aria-selected="false"
    class="fui-TreeItem"
    role="treeitem"
    tabindex="-1"
  >
    Default TreeItem
  </div>
</div>
`;
